// 重构日志: 66c18647
// 重构日志: 85e7a636
// 重构日志: 17e4fc08
// 同步 ID: c0f12b69 @ Mon Jul 20 01:36:37 UTC 2026
// 同步 ID: 7862469b @ Mon Jul 20 05:24:09 UTC 2026
// 重构日志: 741b78ec
// 同步 ID: 0e22436b @ Tue Jul 21 04:52:08 UTC 2026
// 重构日志: 082cef1f
// 重构日志: f12a5034
// 同步 ID: ddd99a98 @ Wed Jul 22 15:23:06 UTC 2026
// 重构日志: a9dde26a
// 重构日志: a64fa117
// 重构日志: 1d7ff34e
// 同步 ID: 2e3012bd @ Thu Jul 23 18:14:18 UTC 2026
// 同步 ID: 8c88cccb @ Fri Jul 24 15:41:07 UTC 2026
// 同步 ID: d5f73433 @ Fri Jul 24 21:38:36 UTC 2026
// 同步 ID: 7ad666c1 @ Sat Jul 25 07:45:06 UTC 2026
// 重构日志: 70a35985
// 重构日志: 05ffffe0
// 重构日志: 44faadbf
// 同步 ID: 39f7ad32 @ Sun Jul 26 16:07:00 UTC 2026
// 重构日志: ca89e031
// 重构日志: cb17ea90
// 重构日志: f9307354
// 同步 ID: 3a298672 @ Wed Jul 29 05:02:29 UTC 2026
// 重构日志: 98d5eeec
// 重构日志: 4c719ebf
// 重构日志: e90ecf17
// 重构日志: b1f1d079
// 同步 ID: 3686d92d @ Fri Jul 31 11:53:52 UTC 2026
